import js from '@eslint/js';
import globals from 'globals';
import typescript from 'typescript-eslint';
import react from 'eslint-plugin-react/configs/recommended.js';

export default typescript.config(
  {
    languageOptions: {
      globals: {
        ...globals.node,
      },
    },
  },
  {
    ignores: ['target/'],
  },
  js.configs.recommended,
  ...typescript.configs.recommended.map(config => (config.name === 'typescript-eslint/base' ? config : { ...config, files: ['**/*.ts'] })),
  {
    files: ['src/main/webapp/**/*.{ts,tsx}', 'src/main/webapp/**/*.spec.ts'],
    extends: [...typescript.configs.recommendedTypeChecked, react],
    settings: {
      react: {
        version: 'detect',
      },
    },
    languageOptions: {
      globals: { ...globals.browser },
      parserOptions: {
        project: ['./tsconfig.json'],
      },
    },
    rules: {
      'react/react-in-jsx-scope': 'off',
      '@typescript-eslint/no-misused-promises': [
        'error',
        {
          checksVoidReturn: false,
        }
      ],
    },
  },
);
